
> build
> vite build

[36mvite v7.2.2 [32mbuilding client environment for production...[36m[39m
transforming...
[32mÔ£ô[39m 119 modules transformed.
node.exe : [31mÔ£ù[39m Build failed in 6.01s
At C:\Program Files\nodejs\npm.ps1:29 char:3
+   & $NODE_EXE $NPM_CLI_JS $args
+   ~~~~~~~~~~~~~~~~~~~~~~~~~~~~~
    + CategoryInfo          : NotSpecified: ([3 
   1mÔ£ù[39m Build failed in 6.01s:String) [],  
   RemoteException
    + FullyQualifiedErrorId : NativeCommandError
 
[31merror during build:
[31mCould not resolve "./api.js" from "resources
/tabler-core/js/core-notification.js"[31m
file: [36mC:/laragon/www/lab_manajemen_pcr/resou
rces/tabler-core/js/core-notification.js[31m
    at getRollupError (file:///C:/laragon/www/lab
_manajemen_pcr/node_modules/rollup/dist/es/shared
/parseAst.js:401:41)
    at error (file:///C:/laragon/www/lab_manajeme
n_pcr/node_modules/rollup/dist/es/shared/parseAst
.js:397:42)
    at ModuleLoader.handleInvalidResolvedId (file
:///C:/laragon/www/lab_manajemen_pcr/node_modules
/rollup/dist/es/shared/node-entry.js:21576:24)
    at file:///C:/laragon/www/lab_manajemen_pcr/n
ode_modules/rollup/dist/es/shared/node-entry.js:2
1536:26[39m
